// Jest Snapshot v1, https://goo.gl/fbAQLP

exports[`renders learn react link 1`] = `
<div
  style={
    Object {
      "display": "flex",
    }
  }
>
  <div
    className="sc-jSMfEi vBoWH"
  >
    <h2>
      Active
    </h2>
  </div>
  <div
    className="sc-jSMfEi vBoWH"
  >
    <h2>
      Completed
    </h2>
  </div>
</div>
`;
